// Jest Snapshot v1, https://goo.gl/fbAQLP

exports[`a StartButton component renders correctly 1`] = `
ShallowWrapper {
  "length": 1,
  Symbol(enzyme.__root__): [Circular],
  Symbol(enzyme.__unrendered__): <StartButton
    onClick={[Function]}
/>,
  Symbol(enzyme.__renderer__): Object {
    "batchedUpdates": [Function],
    "getNode": [Function],
    "render": [Function],
    "simulateEvent": [Function],
    "unmount": [Function],
  },
  Symbol(enzyme.__node__): Object {
    "instance": null,
    "key": null,
    "nodeType": "host",
    "props": Object {
      "children": <button
        onClick={[Function]}
>
        Start
</button>,
      "className": "StartButton",
    },
    "ref": null,
    "rendered": Object {
      "instance": null,
      "key": null,
      "nodeType": "host",
      "props": Object {
        "children": "Start",
        "onClick": [Function],
      },
      "ref": null,
      "rendered": "Start",
      "type": "button",
    },
    "type": "div",
  },
  Symbol(enzyme.__nodes__): Array [
    Object {
      "instance": null,
      "key": null,
      "nodeType": "host",
      "props": Object {
        "children": <button
          onClick={[Function]}
>
          Start
</button>,
        "className": "StartButton",
      },
      "ref": null,
      "rendered": Object {
        "instance": null,
        "key": null,
        "nodeType": "host",
        "props": Object {
          "children": "Start",
          "onClick": [Function],
        },
        "ref": null,
        "rendered": "Start",
        "type": "button",
      },
      "type": "div",
    },
  ],
  Symbol(enzyme.__options__): Object {
    "adapter": ReactSixteenAdapter {
      "options": Object {
        "enableComponentDidUpdateOnSetState": true,
      },
    },
  },
}
`;
